// Jest Snapshot v1, https://goo.gl/fbAQLP

exports[`book item test  1`] = `
Object {
  "asFragment": [Function],
  "baseElement": <body>
    <div>
      <div
        class="bookItem"
      >
        <div>
          <img
            alt="img"
            src="url"
          />
        </div>
        <div
          class="bookItem__text"
        >
          <div
            class="title"
          >
            Book
          </div>
          <div
            class="author"
          >
            writer
          </div>
          <div
            class="year"
          >
            1900
          </div>
        </div>
        <div
          class="bookItem__button"
        >
          <div>
            <a
              class=""
              href="/edit-book/1"
            >
              <div>
                <button
                  class="button"
                >
                  Редактировать
                </button>
              </div>
            </a>
          </div>
          <div
            class="bookItem__button__delete"
          >
            <div>
              <button
                class="button"
              >
                Удалить
              </button>
            </div>
          </div>
        </div>
      </div>
    </div>
  </body>,
  "container": <div>
    <div
      class="bookItem"
    >
      <div>
        <img
          alt="img"
          src="url"
        />
      </div>
      <div
        class="bookItem__text"
      >
        <div
          class="title"
        >
          Book
        </div>
        <div
          class="author"
        >
          writer
        </div>
        <div
          class="year"
        >
          1900
        </div>
      </div>
      <div
        class="bookItem__button"
      >
        <div>
          <a
            class=""
            href="/edit-book/1"
          >
            <div>
              <button
                class="button"
              >
                Редактировать
              </button>
            </div>
          </a>
        </div>
        <div
          class="bookItem__button__delete"
        >
          <div>
            <button
              class="button"
            >
              Удалить
            </button>
          </div>
        </div>
      </div>
    </div>
  </div>,
  "debug": [Function],
  "findAllByAltText": [Function],
  "findAllByDisplayValue": [Function],
  "findAllByLabelText": [Function],
  "findAllByPlaceholderText": [Function],
  "findAllByRole": [Function],
  "findAllByTestId": [Function],
  "findAllByText": [Function],
  "findAllByTitle": [Function],
  "findByAltText": [Function],
  "findByDisplayValue": [Function],
  "findByLabelText": [Function],
  "findByPlaceholderText": [Function],
  "findByRole": [Function],
  "findByTestId": [Function],
  "findByText": [Function],
  "findByTitle": [Function],
  "getAllByAltText": [Function],
  "getAllByDisplayValue": [Function],
  "getAllByLabelText": [Function],
  "getAllByPlaceholderText": [Function],
  "getAllByRole": [Function],
  "getAllByTestId": [Function],
  "getAllByText": [Function],
  "getAllByTitle": [Function],
  "getByAltText": [Function],
  "getByDisplayValue": [Function],
  "getByLabelText": [Function],
  "getByPlaceholderText": [Function],
  "getByRole": [Function],
  "getByTestId": [Function],
  "getByText": [Function],
  "getByTitle": [Function],
  "queryAllByAltText": [Function],
  "queryAllByDisplayValue": [Function],
  "queryAllByLabelText": [Function],
  "queryAllByPlaceholderText": [Function],
  "queryAllByRole": [Function],
  "queryAllByTestId": [Function],
  "queryAllByText": [Function],
  "queryAllByTitle": [Function],
  "queryByAltText": [Function],
  "queryByDisplayValue": [Function],
  "queryByLabelText": [Function],
  "queryByPlaceholderText": [Function],
  "queryByRole": [Function],
  "queryByTestId": [Function],
  "queryByText": [Function],
  "queryByTitle": [Function],
  "rerender": [Function],
  "unmount": [Function],
}
`;

exports[`book item test should create book item 1`] = `
Object {
  "asFragment": [Function],
  "baseElement": <body>
    <div>
      <div
        class="bookItem"
      >
        <div>
          <img
            alt="img"
            src="url"
          />
        </div>
        <div
          class="bookItem__text"
        >
          <div
            class="title"
          >
            Book
          </div>
          <div
            class="author"
          >
            writer
          </div>
          <div
            class="year"
          >
            1900
          </div>
        </div>
        <div
          class="bookItem__button"
        >
          <div>
            <a
              class=""
              href="/edit-book/1"
            >
              <div>
                <button
                  class="button"
                >
                  Редактировать
                </button>
              </div>
            </a>
          </div>
          <div
            class="bookItem__button__delete"
          >
            <div>
              <button
                class="button"
              >
                Удалить
              </button>
            </div>
          </div>
        </div>
      </div>
    </div>
  </body>,
  "container": <div>
    <div
      class="bookItem"
    >
      <div>
        <img
          alt="img"
          src="url"
        />
      </div>
      <div
        class="bookItem__text"
      >
        <div
          class="title"
        >
          Book
        </div>
        <div
          class="author"
        >
          writer
        </div>
        <div
          class="year"
        >
          1900
        </div>
      </div>
      <div
        class="bookItem__button"
      >
        <div>
          <a
            class=""
            href="/edit-book/1"
          >
            <div>
              <button
                class="button"
              >
                Редактировать
              </button>
            </div>
          </a>
        </div>
        <div
          class="bookItem__button__delete"
        >
          <div>
            <button
              class="button"
            >
              Удалить
            </button>
          </div>
        </div>
      </div>
    </div>
  </div>,
  "debug": [Function],
  "findAllByAltText": [Function],
  "findAllByDisplayValue": [Function],
  "findAllByLabelText": [Function],
  "findAllByPlaceholderText": [Function],
  "findAllByRole": [Function],
  "findAllByTestId": [Function],
  "findAllByText": [Function],
  "findAllByTitle": [Function],
  "findByAltText": [Function],
  "findByDisplayValue": [Function],
  "findByLabelText": [Function],
  "findByPlaceholderText": [Function],
  "findByRole": [Function],
  "findByTestId": [Function],
  "findByText": [Function],
  "findByTitle": [Function],
  "getAllByAltText": [Function],
  "getAllByDisplayValue": [Function],
  "getAllByLabelText": [Function],
  "getAllByPlaceholderText": [Function],
  "getAllByRole": [Function],
  "getAllByTestId": [Function],
  "getAllByText": [Function],
  "getAllByTitle": [Function],
  "getByAltText": [Function],
  "getByDisplayValue": [Function],
  "getByLabelText": [Function],
  "getByPlaceholderText": [Function],
  "getByRole": [Function],
  "getByTestId": [Function],
  "getByText": [Function],
  "getByTitle": [Function],
  "queryAllByAltText": [Function],
  "queryAllByDisplayValue": [Function],
  "queryAllByLabelText": [Function],
  "queryAllByPlaceholderText": [Function],
  "queryAllByRole": [Function],
  "queryAllByTestId": [Function],
  "queryAllByText": [Function],
  "queryAllByTitle": [Function],
  "queryByAltText": [Function],
  "queryByDisplayValue": [Function],
  "queryByLabelText": [Function],
  "queryByPlaceholderText": [Function],
  "queryByRole": [Function],
  "queryByTestId": [Function],
  "queryByText": [Function],
  "queryByTitle": [Function],
  "rerender": [Function],
  "unmount": [Function],
}
`;
